
> @repo/web@0.1.0 build D:\All Projects\order-stock\apps\web
> next build

▲ Next.js 16.1.1 (Turbopack)

  Creating an optimized production build ...

> Build error occurred
Error: Turbopack build failed with 9 errors:
./apps/web/src/proxy.ts
Proxy is missing expected function export name
This function is what Next.js runs for every request handled by this proxy (previously called middleware).

Why this happens:
- You are migrating from `middleware` to `proxy`, but haven't updated the exported function.
- The file exists but doesn't export a function.
- The export is not a function (e.g., an object or constant).
- There's a syntax error preventing the export from being recognized.

To fix it:
- Ensure this file has either a default or "proxy" function export.

Learn more: https://nextjs.org/docs/messages/middleware-to-proxy


./apps/web/src/components/layouts/SidebarContext.tsx:1:10
Ecmascript file had an error
[0m[31m[1m>[22m[39m[90m 1 |[39m [36mimport[39m { createContext[33m,[39m useContext[33m,[39m useState[33m,[39m [33mReactNode[39m } [36mfrom[39m [32m"react"[39m[33m;[39m
 [90m   |[39m          [31m[1m^[22m[39m[31m[1m^[22m[39m[31m[1m^[22m[39m[31m[1m^[22m[39m[31m[1m^[22m[39m[31m[1m^[22m[39m[31m[1m^[22m[39m[31m[1m^[22m[39m[31m[1m^[22m[39m[31m[1m^[22m[39m[31m[1m^[22m[39m[31m[1m^[22m[39m[31m[1m^[22m[39m
 [90m 2 |[39m
 [90m 3 |[39m [36minterface[39m [33mSidebarContextType[39m {
 [90m 4 |[39m   isCollapsed[33m:[39m boolean[33m;[39m[0m

You're importing a component that needs `createContext`. This React Hook only works in a Client Component. To fix, mark the file (or its parent) with the `"use client"` directive.

 Learn more: https://nextjs.org/docs/app/api-reference/directives/use-client



Import traces:
  Server Component:
    ./apps/web/src/components/layouts/SidebarContext.tsx
    ./apps/web/src/app/dashboard/layout.tsx

  Client Component Browser:
    ./apps/web/src/components/layouts/SidebarContext.tsx [Client Component Browser]
    ./apps/web/src/components/layouts/Header.tsx [Client Component Browser]
    ./apps/web/src/components/layouts/Header.tsx [Server Component]
    ./apps/web/src/app/dashboard/layout.tsx [Server Component]

  Client Component SSR:
    ./apps/web/src/components/layouts/SidebarContext.tsx [Client Component SSR]
    ./apps/web/src/components/layouts/Header.tsx [Client Component SSR]
    ./apps/web/src/components/layouts/Header.tsx [Server Component]
    ./apps/web/src/app/dashboard/layout.tsx [Server Component]


./apps/web/src/components/layouts/SidebarContext.tsx:1:37
Ecmascript file had an error
[0m[31m[1m>[22m[39m[90m 1 |[39m [36mimport[39m { createContext[33m,[39m useContext[33m,[39m useState[33m,[39m [33mReactNode[39m } [36mfrom[39m [32m"react"[39m[33m;[39m
 [90m   |[39m                                     [31m[1m^[22m[39m[31m[1m^[22m[39m[31m[1m^[22m[39m[31m[1m^[22m[39m[31m[1m^[22m[39m[31m[1m^[22m[39m[31m[1m^[22m[39m[31m[1m^[22m[39m
 [90m 2 |[39m
 [90m 3 |[39m [36minterface[39m [33mSidebarContextType[39m {
 [90m 4 |[39m   isCollapsed[33m:[39m boolean[33m;[39m[0m

You're importing a component that needs `useState`. This React Hook only works in a Client Component. To fix, mark the file (or its parent) with the `"use client"` directive.

 Learn more: https://nextjs.org/docs/app/api-reference/directives/use-client



Import traces:
  Server Component:
    ./apps/web/src/components/layouts/SidebarContext.tsx
    ./apps/web/src/app/dashboard/layout.tsx

  Client Component Browser:
    ./apps/web/src/components/layouts/SidebarContext.tsx [Client Component Browser]
    ./apps/web/src/components/layouts/Header.tsx [Client Component Browser]
    ./apps/web/src/components/layouts/Header.tsx [Server Component]
    ./apps/web/src/app/dashboard/layout.tsx [Server Component]

  Client Component SSR:
    ./apps/web/src/components/layouts/SidebarContext.tsx [Client Component SSR]
    ./apps/web/src/components/layouts/Header.tsx [Client Component SSR]
    ./apps/web/src/components/layouts/Header.tsx [Server Component]
    ./apps/web/src/app/dashboard/layout.tsx [Server Component]


./apps/web/src/app/api/auth/[...all]/route.ts:2:1
Module not found: Can't resolve 'better-auth/node-wrapper'
[0m [90m 1 |[39m [36mimport[39m { auth } [36mfrom[39m [32m"@/lib/auth"[39m[33m;[39m
[31m[1m>[22m[39m[90m 2 |[39m [36mimport[39m { toNodeHandler } [36mfrom[39m [32m"better-auth/node-wrapper"[39m[33m;[39m
 [90m   |[39m [31m[1m^[22m[39m[31m[1m^[22m[39m[31m[1m^[22m[39m[31m[1m^[22m[39m[31m[1m^[22m[39m[31m[1m^[22m[39m[31m[1m^[22m[39m[31m[1m^[22m[39m[31m[1m^[22m[39m[31m[1m^[22m[39m[31m[1m^[22m[39m[31m[1m^[22m[39m[31m[1m^[22m[39m[31m[1m^[22m[39m[31m[1m^[22m[39m[31m[1m^[22m[39m[31m[1m^[22m[39m[31m[1m^[22m[39m[31m[1m^[22m[39m[31m[1m^[22m[39m[31m[1m^[22m[39m[31m[1m^[22m[39m[31m[1m^[22m[39m[31m[1m^[22m[39m[31m[1m^[22m[39m[31m[1m^[22m[39m[31m[1m^[22m[39m[31m[1m^[22m[39m[31m[1m^[22m[39m[31m[1m^[22m[39m[31m[1m^[22m[39m[31m[1m^[22m[39m[31m[1m^[22m[39m[31m[1m^[22m[39m[31m[1m^[22m[39m[31m[1m^[22m[39m[31m[1m^[22m[39m[31m[1m^[22m[39m[31m[1m^[22m[39m[31m[1m^[22m[39m[31m[1m^[22m[39m[31m[1m^[22m[39m[31m[1m^[22m[39m[31m[1m^[22m[39m[31m[1m^[22m[39m[31m[1m^[22m[39m[31m[1m^[22m[39m[31m[1m^[22m[39m[31m[1m^[22m[39m[31m[1m^[22m[39m[31m[1m^[22m[39m[31m[1m^[22m[39m[31m[1m^[22m[39m[31m[1m^[22m[39m[31m[1m^[22m[39m[31m[1m^[22m[39m[31m[1m^[22m[39m
 [90m 3 |[39m
 [90m 4 |[39m [36mconst[39m handler [33m=[39m toNodeHandler(auth)[33m;[39m
 [90m 5 |[39m[0m



https://nextjs.org/docs/messages/module-not-found


./apps/web/src/app/dashboard/activity/page.tsx:10:1
Module not found: Can't resolve 'date-fns'
[0m [90m  8 |[39m   [33mShoppingCart[39m[33m,[39m [33mPackage[39m[33m,[39m [33mPackagePlus[39m[33m,[39m [33mAlertTriangle[39m[33m,[39m [33mFolderOpen[39m[33m,[39m [33mAlertCircle[39m[33m,[39m [33mEdit[39m[33m,[39m [33mTrash2[39m[33m,[39m [33mCheckCircle[39m[33m,[39m [33mUpload[39m
 [90m  9 |[39m } [36mfrom[39m [32m"lucide-react"[39m[33m;[39m
[31m[1m>[22m[39m[90m 10 |[39m [36mimport[39m { format } [36mfrom[39m [32m"date-fns"[39m[33m;[39m
 [90m    |[39m [31m[1m^[22m[39m[31m[1m^[22m[39m[31m[1m^[22m[39m[31m[1m^[22m[39m[31m[1m^[22m[39m[31m[1m^[22m[39m[31m[1m^[22m[39m[31m[1m^[22m[39m[31m[1m^[22m[39m[31m[1m^[22m[39m[31m[1m^[22m[39m[31m[1m^[22m[39m[31m[1m^[22m[39m[31m[1m^[22m[39m[31m[1m^[22m[39m[31m[1m^[22m[39m[31m[1m^[22m[39m[31m[1m^[22m[39m[31m[1m^[22m[39m[31m[1m^[22m[39m[31m[1m^[22m[39m[31m[1m^[22m[39m[31m[1m^[22m[39m[31m[1m^[22m[39m[31m[1m^[22m[39m[31m[1m^[22m[39m[31m[1m^[22m[39m[31m[1m^[22m[39m[31m[1m^[22m[39m[31m[1m^[22m[39m[31m[1m^[22m[39m[31m[1m^[22m[39m[31m[1m^[22m[39m[31m[1m^[22m[39m
 [90m 11 |[39m
 [90m 12 |[39m [36mexport[39m [36mdefault[39m [36mfunction[39m [33mActivityLogPage[39m() {
 [90m 13 |[39m   [36mconst[39m { data[33m:[39m session } [33m=[39m useSession()[33m;[39m[0m



Import traces:
  Client Component Browser:
    ./apps/web/src/app/dashboard/activity/page.tsx [Client Component Browser]
    ./apps/web/src/app/dashboard/activity/page.tsx [Server Component]

  Client Component SSR:
    ./apps/web/src/app/dashboard/activity/page.tsx [Client Component SSR]
    ./apps/web/src/app/dashboard/activity/page.tsx [Server Component]

https://nextjs.org/docs/messages/module-not-found


./apps/web/src/app/dashboard/categories/page.tsx:16:1
Module not found: Can't resolve 'date-fns'
[0m [90m 14 |[39m [36mimport[39m { [33mDialog[39m[33m,[39m [33mDialogContent[39m[33m,[39m [33mDialogDescription[39m[33m,[39m [33mDialogFooter[39m[33m,[39m [33mDialogHeader[39m[33m,[39m [33mDialogTitle[39m[33m,[39m [33mDialogTrigger[39m } [36mfrom[39m [32m"@repo/ui/components/dialog"[39m[33m;[39m
 [90m 15 |[39m [36mimport[39m { [33mLabel[39m } [36mfrom[39m [32m"@repo/ui/components/label"[39m[33m;[39m
[31m[1m>[22m[39m[90m 16 |[39m [36mimport[39m { format } [36mfrom[39m [32m"date-fns"[39m[33m;[39m
 [90m    |[39m [31m[1m^[22m[39m[31m[1m^[22m[39m[31m[1m^[22m[39m[31m[1m^[22m[39m[31m[1m^[22m[39m[31m[1m^[22m[39m[31m[1m^[22m[39m[31m[1m^[22m[39m[31m[1m^[22m[39m[31m[1m^[22m[39m[31m[1m^[22m[39m[31m[1m^[22m[39m[31m[1m^[22m[39m[31m[1m^[22m[39m[31m[1m^[22m[39m[31m[1m^[22m[39m[31m[1m^[22m[39m[31m[1m^[22m[39m[31m[1m^[22m[39m[31m[1m^[22m[39m[31m[1m^[22m[39m[31m[1m^[22m[39m[31m[1m^[22m[39m[31m[1m^[22m[39m[31m[1m^[22m[39m[31m[1m^[22m[39m[31m[1m^[22m[39m[31m[1m^[22m[39m[31m[1m^[22m[39m[31m[1m^[22m[39m[31m[1m^[22m[39m[31m[1m^[22m[39m[31m[1m^[22m[39m[31m[1m^[22m[39m
 [90m 17 |[39m
 [90m 18 |[39m [36mexport[39m [36mdefault[39m [36mfunction[39m [33mCategoriesPage[39m() {
 [90m 19 |[39m   [36mconst[39m { data[33m:[39m session } [33m=[39m useSession()[33m;[39m[0m



Import traces:
  Client Component Browser:
    ./apps/web/src/app/dashboard/categories/page.tsx [Client Component Browser]
    ./apps/web/src/app/dashboard/categories/page.tsx [Server Component]

  Client Component SSR:
    ./apps/web/src/app/dashboard/categories/page.tsx [Client Component SSR]
    ./apps/web/src/app/dashboard/categories/page.tsx [Server Component]

https://nextjs.org/docs/messages/module-not-found


./apps/web/src/app/dashboard/orders/page.tsx:20:1
Module not found: Can't resolve 'date-fns'
[0m [90m 18 |[39m [36mimport[39m { [33mBadge[39m } [36mfrom[39m [32m"@repo/ui/components/badge"[39m[33m;[39m
 [90m 19 |[39m [36mimport[39m { [33mOrderForm[39m } [36mfrom[39m [32m"@/components/orders/OrderForm"[39m[33m;[39m
[31m[1m>[22m[39m[90m 20 |[39m [36mimport[39m { format } [36mfrom[39m [32m"date-fns"[39m[33m;[39m
 [90m    |[39m [31m[1m^[22m[39m[31m[1m^[22m[39m[31m[1m^[22m[39m[31m[1m^[22m[39m[31m[1m^[22m[39m[31m[1m^[22m[39m[31m[1m^[22m[39m[31m[1m^[22m[39m[31m[1m^[22m[39m[31m[1m^[22m[39m[31m[1m^[22m[39m[31m[1m^[22m[39m[31m[1m^[22m[39m[31m[1m^[22m[39m[31m[1m^[22m[39m[31m[1m^[22m[39m[31m[1m^[22m[39m[31m[1m^[22m[39m[31m[1m^[22m[39m[31m[1m^[22m[39m[31m[1m^[22m[39m[31m[1m^[22m[39m[31m[1m^[22m[39m[31m[1m^[22m[39m[31m[1m^[22m[39m[31m[1m^[22m[39m[31m[1m^[22m[39m[31m[1m^[22m[39m[31m[1m^[22m[39m[31m[1m^[22m[39m[31m[1m^[22m[39m[31m[1m^[22m[39m[31m[1m^[22m[39m[31m[1m^[22m[39m
 [90m 21 |[39m
 [90m 22 |[39m [36mexport[39m [36mdefault[39m [36mfunction[39m [33mOrdersPage[39m() {
 [90m 23 |[39m   [36mconst[39m { data[33m:[39m session } [33m=[39m useSession()[33m;[39m[0m



Import traces:
  Client Component Browser:
    ./apps/web/src/app/dashboard/orders/page.tsx [Client Component Browser]
    ./apps/web/src/app/dashboard/orders/page.tsx [Server Component]

  Client Component SSR:
    ./apps/web/src/app/dashboard/orders/page.tsx [Client Component SSR]
    ./apps/web/src/app/dashboard/orders/page.tsx [Server Component]

https://nextjs.org/docs/messages/module-not-found


./apps/web/src/app/dashboard/restock/page.tsx:17:1
Module not found: Can't resolve 'date-fns'
[0m [90m 15 |[39m [36mimport[39m { [33mLabel[39m } [36mfrom[39m [32m"@repo/ui/components/label"[39m[33m;[39m
 [90m 16 |[39m [36mimport[39m { [33mBadge[39m } [36mfrom[39m [32m"@repo/ui/components/badge"[39m[33m;[39m
[31m[1m>[22m[39m[90m 17 |[39m [36mimport[39m { format } [36mfrom[39m [32m"date-fns"[39m[33m;[39m
 [90m    |[39m [31m[1m^[22m[39m[31m[1m^[22m[39m[31m[1m^[22m[39m[31m[1m^[22m[39m[31m[1m^[22m[39m[31m[1m^[22m[39m[31m[1m^[22m[39m[31m[1m^[22m[39m[31m[1m^[22m[39m[31m[1m^[22m[39m[31m[1m^[22m[39m[31m[1m^[22m[39m[31m[1m^[22m[39m[31m[1m^[22m[39m[31m[1m^[22m[39m[31m[1m^[22m[39m[31m[1m^[22m[39m[31m[1m^[22m[39m[31m[1m^[22m[39m[31m[1m^[22m[39m[31m[1m^[22m[39m[31m[1m^[22m[39m[31m[1m^[22m[39m[31m[1m^[22m[39m[31m[1m^[22m[39m[31m[1m^[22m[39m[31m[1m^[22m[39m[31m[1m^[22m[39m[31m[1m^[22m[39m[31m[1m^[22m[39m[31m[1m^[22m[39m[31m[1m^[22m[39m[31m[1m^[22m[39m[31m[1m^[22m[39m
 [90m 18 |[39m
 [90m 19 |[39m [36mexport[39m [36mdefault[39m [36mfunction[39m [33mRestockQueuePage[39m() {
 [90m 20 |[39m   [36mconst[39m { data[33m:[39m session } [33m=[39m useSession()[33m;[39m[0m



Import traces:
  Client Component Browser:
    ./apps/web/src/app/dashboard/restock/page.tsx [Client Component Browser]
    ./apps/web/src/app/dashboard/restock/page.tsx [Server Component]

  Client Component SSR:
    ./apps/web/src/app/dashboard/restock/page.tsx [Client Component SSR]
    ./apps/web/src/app/dashboard/restock/page.tsx [Server Component]

https://nextjs.org/docs/messages/module-not-found


./apps/web/src/components/dashboard/DashboardContent.tsx:12:1
Module not found: Can't resolve 'date-fns'
[0m [90m 10 |[39m [36mimport[39m { [33mBadge[39m } [36mfrom[39m [32m"@repo/ui/components/badge"[39m[33m;[39m
 [90m 11 |[39m [36mimport[39m { motion } [36mfrom[39m [32m"motion/react"[39m[33m;[39m
[31m[1m>[22m[39m[90m 12 |[39m [36mimport[39m { format } [36mfrom[39m [32m"date-fns"[39m[33m;[39m
 [90m    |[39m [31m[1m^[22m[39m[31m[1m^[22m[39m[31m[1m^[22m[39m[31m[1m^[22m[39m[31m[1m^[22m[39m[31m[1m^[22m[39m[31m[1m^[22m[39m[31m[1m^[22m[39m[31m[1m^[22m[39m[31m[1m^[22m[39m[31m[1m^[22m[39m[31m[1m^[22m[39m[31m[1m^[22m[39m[31m[1m^[22m[39m[31m[1m^[22m[39m[31m[1m^[22m[39m[31m[1m^[22m[39m[31m[1m^[22m[39m[31m[1m^[22m[39m[31m[1m^[22m[39m[31m[1m^[22m[39m[31m[1m^[22m[39m[31m[1m^[22m[39m[31m[1m^[22m[39m[31m[1m^[22m[39m[31m[1m^[22m[39m[31m[1m^[22m[39m[31m[1m^[22m[39m[31m[1m^[22m[39m[31m[1m^[22m[39m[31m[1m^[22m[39m[31m[1m^[22m[39m[31m[1m^[22m[39m[31m[1m^[22m[39m
 [90m 13 |[39m
 [90m 14 |[39m [36mexport[39m [36mfunction[39m [33mDashboardContent[39m() {
 [90m 15 |[39m   [36mconst[39m { data[33m:[39m session } [33m=[39m useSession()[33m;[39m[0m



Import traces:
  Client Component Browser:
    ./apps/web/src/components/dashboard/DashboardContent.tsx [Client Component Browser]
    ./apps/web/src/app/dashboard/page.tsx [Client Component Browser]
    ./apps/web/src/app/dashboard/page.tsx [Server Component]

  Client Component SSR:
    ./apps/web/src/components/dashboard/DashboardContent.tsx [Client Component SSR]
    ./apps/web/src/app/dashboard/page.tsx [Client Component SSR]
    ./apps/web/src/app/dashboard/page.tsx [Server Component]

https://nextjs.org/docs/messages/module-not-found


    at <unknown> (./apps/web/src/components/layouts/SidebarContext.tsx:1:10)
    at <unknown> (./apps/web/src/components/layouts/SidebarContext.tsx:1:37)
    at <unknown> (./apps/web/src/app/api/auth/[...all]/route.ts:2:1)
    at <unknown> (https://nextjs.org/docs/messages/module-not-found)
    at <unknown> (./apps/web/src/app/dashboard/activity/page.tsx:10:1)
    at <unknown> (https://nextjs.org/docs/messages/module-not-found)
    at <unknown> (./apps/web/src/app/dashboard/categories/page.tsx:16:1)
    at <unknown> (https://nextjs.org/docs/messages/module-not-found)
    at <unknown> (./apps/web/src/app/dashboard/orders/page.tsx:20:1)
    at <unknown> (https://nextjs.org/docs/messages/module-not-found)
    at <unknown> (./apps/web/src/app/dashboard/restock/page.tsx:17:1)
    at <unknown> (https://nextjs.org/docs/messages/module-not-found)
    at <unknown> (./apps/web/src/components/dashboard/DashboardContent.tsx:12:1)
    at <unknown> (https://nextjs.org/docs/messages/module-not-found)
D:\All Projects\order-stock\apps\web:
 ERR_PNPM_RECURSIVE_RUN_FIRST_FAIL  @repo/web@0.1.0 build: `next build`
Exit status 1
